Archive member included to satisfy reference by file (symbol)

c:/program files (x86)/atmel/studio/7.0/toolchain/avr8/avr8-gnu-toolchain/bin/../lib/gcc/avr/5.4.0/../../../../avr/lib/avr5\libm.a(fixsfsi.o)
                              Examples/TimerAsInputCapture.o (__fixsfsi)
c:/program files (x86)/atmel/studio/7.0/toolchain/avr8/avr8-gnu-toolchain/bin/../lib/gcc/avr/5.4.0/../../../../avr/lib/avr5\libm.a(fixunssfsi.o)
                              c:/program files (x86)/atmel/studio/7.0/toolchain/avr8/avr8-gnu-toolchain/bin/../lib/gcc/avr/5.4.0/../../../../avr/lib/avr5\libm.a(fixsfsi.o) (__fixunssfsi)
c:/program files (x86)/atmel/studio/7.0/toolchain/avr8/avr8-gnu-toolchain/bin/../lib/gcc/avr/5.4.0/../../../../avr/lib/avr5\libm.a(floatsisf.o)
                              Examples/TimerAsInputCapture.o (__floatsisf)
c:/program files (x86)/atmel/studio/7.0/toolchain/avr8/avr8-gnu-toolchain/bin/../lib/gcc/avr/5.4.0/../../../../avr/lib/avr5\libm.a(fp_split3.o)
                              c:/program files (x86)/atmel/studio/7.0/toolchain/avr8/avr8-gnu-toolchain/bin/../lib/gcc/avr/5.4.0/../../../../avr/lib/avr5\libm.a(fixunssfsi.o) (__fp_splitA)
c:/program files (x86)/atmel/studio/7.0/toolchain/avr8/avr8-gnu-toolchain/bin/../lib/gcc/avr/5.4.0/../../../../avr/lib/avr5\libm.a(fp_zero.o)
                              c:/program files (x86)/atmel/studio/7.0/toolchain/avr8/avr8-gnu-toolchain/bin/../lib/gcc/avr/5.4.0/../../../../avr/lib/avr5\libm.a(fixunssfsi.o) (__fp_zero)
c:/program files (x86)/atmel/studio/7.0/toolchain/avr8/avr8-gnu-toolchain/bin/../lib/gcc/avr/5.4.0/../../../../avr/lib/avr5\libm.a(mulsf3.o)
                              Examples/TimerAsInputCapture.o (__mulsf3)
c:/program files (x86)/atmel/studio/7.0/toolchain/avr8/avr8-gnu-toolchain/bin/../lib/gcc/avr/5.4.0/../../../../avr/lib/avr5\libm.a(mulsf3x.o)
                              c:/program files (x86)/atmel/studio/7.0/toolchain/avr8/avr8-gnu-toolchain/bin/../lib/gcc/avr/5.4.0/../../../../avr/lib/avr5\libm.a(mulsf3.o) (__mulsf3x)
c:/program files (x86)/atmel/studio/7.0/toolchain/avr8/avr8-gnu-toolchain/bin/../lib/gcc/avr/5.4.0/../../../../avr/lib/avr5\libm.a(fp_inf.o)
                              c:/program files (x86)/atmel/studio/7.0/toolchain/avr8/avr8-gnu-toolchain/bin/../lib/gcc/avr/5.4.0/../../../../avr/lib/avr5\libm.a(mulsf3x.o) (__fp_inf)
c:/program files (x86)/atmel/studio/7.0/toolchain/avr8/avr8-gnu-toolchain/bin/../lib/gcc/avr/5.4.0/../../../../avr/lib/avr5\libm.a(fp_nan.o)
                              c:/program files (x86)/atmel/studio/7.0/toolchain/avr8/avr8-gnu-toolchain/bin/../lib/gcc/avr/5.4.0/../../../../avr/lib/avr5\libm.a(mulsf3x.o) (__fp_nan)
c:/program files (x86)/atmel/studio/7.0/toolchain/avr8/avr8-gnu-toolchain/bin/../lib/gcc/avr/5.4.0/../../../../avr/lib/avr5\libm.a(fp_pscA.o)
                              c:/program files (x86)/atmel/studio/7.0/toolchain/avr8/avr8-gnu-toolchain/bin/../lib/gcc/avr/5.4.0/../../../../avr/lib/avr5\libm.a(mulsf3x.o) (__fp_pscA)
c:/program files (x86)/atmel/studio/7.0/toolchain/avr8/avr8-gnu-toolchain/bin/../lib/gcc/avr/5.4.0/../../../../avr/lib/avr5\libm.a(fp_pscB.o)
                              c:/program files (x86)/atmel/studio/7.0/toolchain/avr8/avr8-gnu-toolchain/bin/../lib/gcc/avr/5.4.0/../../../../avr/lib/avr5\libm.a(mulsf3x.o) (__fp_pscB)
c:/program files (x86)/atmel/studio/7.0/toolchain/avr8/avr8-gnu-toolchain/bin/../lib/gcc/avr/5.4.0/../../../../avr/lib/avr5\libm.a(fp_round.o)
                              c:/program files (x86)/atmel/studio/7.0/toolchain/avr8/avr8-gnu-toolchain/bin/../lib/gcc/avr/5.4.0/../../../../avr/lib/avr5\libm.a(mulsf3.o) (__fp_round)
c:/program files (x86)/atmel/studio/7.0/toolchain/avr8/avr8-gnu-toolchain/bin/../lib/gcc/avr/5.4.0/avr5\libgcc.a(_divmodsi4.o)
                              Examples/TimerAsInputCapture.o (__divmodsi4)
c:/program files (x86)/atmel/studio/7.0/toolchain/avr8/avr8-gnu-toolchain/bin/../lib/gcc/avr/5.4.0/avr5\libgcc.a(_negsi2.o)
                              c:/program files (x86)/atmel/studio/7.0/toolchain/avr8/avr8-gnu-toolchain/bin/../lib/gcc/avr/5.4.0/avr5\libgcc.a(_divmodsi4.o) (__negsi2)
c:/program files (x86)/atmel/studio/7.0/toolchain/avr8/avr8-gnu-toolchain/bin/../lib/gcc/avr/5.4.0/avr5\libgcc.a(_exit.o)
                              C:/Program Files (x86)/Atmel/Studio/7.0/Packs/atmel/ATmega_DFP/1.6.364/gcc/dev/atmega32a/avr5/crtatmega32a.o (exit)
c:/program files (x86)/atmel/studio/7.0/toolchain/avr8/avr8-gnu-toolchain/bin/../lib/gcc/avr/5.4.0/avr5\libgcc.a(_tablejump2.o)
                              Core/ADC/ADC.o (__tablejump2__)
c:/program files (x86)/atmel/studio/7.0/toolchain/avr8/avr8-gnu-toolchain/bin/../lib/gcc/avr/5.4.0/avr5\libgcc.a(_copy_data.o)
                              Examples/TimerAsInputCapture.o (__do_copy_data)
c:/program files (x86)/atmel/studio/7.0/toolchain/avr8/avr8-gnu-toolchain/bin/../lib/gcc/avr/5.4.0/avr5\libgcc.a(_clear_bss.o)
                              Core/Interrupts/ExternalInterrupt.o (__do_clear_bss)
c:/program files (x86)/atmel/studio/7.0/toolchain/avr8/avr8-gnu-toolchain/bin/../lib/gcc/avr/5.4.0/avr5\libgcc.a(_udivmodsi4.o)
                              c:/program files (x86)/atmel/studio/7.0/toolchain/avr8/avr8-gnu-toolchain/bin/../lib/gcc/avr/5.4.0/avr5\libgcc.a(_divmodsi4.o) (__udivmodsi4)

Allocating common symbols
Common symbol       size              file

tickTime            0x4               Examples/TimerAsInputCapture.o
freq                0x4               Examples/TimerAsInputCapture.o
INT2_CallbackFunctionPointer
                    0x2               Core/Interrupts/ExternalInterrupt.o
clk                 0x4               Examples/TimerAsInputCapture.o
end                 0x2               Examples/TimerAsInputCapture.o
INT0_CallbackFunctionPointer
                    0x2               Core/Interrupts/ExternalInterrupt.o
INT1_CallbackFunctionPointer
                    0x2               Core/Interrupts/ExternalInterrupt.o
start               0x2               Examples/TimerAsInputCapture.o
sharedVariableBetweenInterrupts
                    0x2               Examples/InterruptExternal.o
OverflowCount       0x4               Examples/TimerAsInputCapture.o

Discarded input sections

 .data          0x00000000        0x0 C:/Program Files (x86)/Atmel/Studio/7.0/Packs/atmel/ATmega_DFP/1.6.364/gcc/dev/atmega32a/avr5/crtatmega32a.o
 .bss           0x00000000        0x0 C:/Program Files (x86)/Atmel/Studio/7.0/Packs/atmel/ATmega_DFP/1.6.364/gcc/dev/atmega32a/avr5/crtatmega32a.o
 .text          0x00000000        0x0 Core/ADC/ADC.o
 .data          0x00000000        0x0 Core/ADC/ADC.o
 .bss           0x00000000        0x0 Core/ADC/ADC.o
 .text.ADC_Initialize
                0x00000000      0x120 Core/ADC/ADC.o
 .progmem.gcc_sw_table.ADC_Initialize
                0x00000000       0x10 Core/ADC/ADC.o
 .text.ADC_StartConversion
                0x00000000      0x16a Core/ADC/ADC.o
 .progmem.gcc_sw_table.ADC_StartConversion
                0x00000000       0x10 Core/ADC/ADC.o
 .text.ADC_ReadResult
                0x00000000        0xa Core/ADC/ADC.o
 .text.ADC_StartConversionAndRead
                0x00000000        0xa Core/ADC/ADC.o
 .debug_info    0x00000000      0x39d Core/ADC/ADC.o
 .debug_abbrev  0x00000000       0xfe Core/ADC/ADC.o
 .debug_loc     0x00000000      0x112 Core/ADC/ADC.o
 .debug_aranges
                0x00000000       0x38 Core/ADC/ADC.o
 .debug_ranges  0x00000000       0x28 Core/ADC/ADC.o
 .debug_line    0x00000000      0x355 Core/ADC/ADC.o
 .debug_str     0x00000000      0x435 Core/ADC/ADC.o
 .comment       0x00000000       0x31 Core/ADC/ADC.o
 .debug_frame   0x00000000       0x54 Core/ADC/ADC.o
 .text          0x00000000        0x0 Core/GPIO/GPIO.o
 .data          0x00000000        0x0 Core/GPIO/GPIO.o
 .bss           0x00000000        0x0 Core/GPIO/GPIO.o
 .text.Port_Write
                0x00000000       0x84 Core/GPIO/GPIO.o
 .text.Port_Read
                0x00000000       0x22 Core/GPIO/GPIO.o
 .text.Pin_Write
                0x00000000      0x14c Core/GPIO/GPIO.o
 .text.Pin_Read
                0x00000000       0x60 Core/GPIO/GPIO.o
 .text          0x00000000        0x0 Core/Interrupts/ExternalInterrupt.o
 .data          0x00000000        0x0 Core/Interrupts/ExternalInterrupt.o
 .bss           0x00000000        0x0 Core/Interrupts/ExternalInterrupt.o
 .text.EXTI_Disable_External_Interrupt
                0x00000000       0x24 Core/Interrupts/ExternalInterrupt.o
 .text.EXTI_Disable_Global_Interrupt
                0x00000000        0x8 Core/Interrupts/ExternalInterrupt.o
 .text          0x00000000        0x0 Drivers/LCD/LCD.o
 .data          0x00000000        0x0 Drivers/LCD/LCD.o
 .bss           0x00000000        0x0 Drivers/LCD/LCD.o
 .text.LCD_Enable_FallingEdge
                0x00000000       0x2a Drivers/LCD/LCD.o
 .text.LCD_Command
                0x00000000      0x170 Drivers/LCD/LCD.o
 .text.LCD_Write_Character
                0x00000000      0x170 Drivers/LCD/LCD.o
 .text.LCD_Write_Text
                0x00000000       0x26 Drivers/LCD/LCD.o
 .text.LCD_Write_Text_With_Delay
                0x00000000       0x38 Drivers/LCD/LCD.o
 .text.LCD_Initialize
                0x00000000      0x22e Drivers/LCD/LCD.o
 .text.LCD_Go_To_FirstLine
                0x00000000        0x8 Drivers/LCD/LCD.o
 .text.LCD_Go_To_SecondLine
                0x00000000        0x8 Drivers/LCD/LCD.o
 .text.LCD_Go_To_Position
                0x00000000       0x12 Drivers/LCD/LCD.o
 .bss._Data_D7_Pin
                0x00000000        0x1 Drivers/LCD/LCD.o
 .bss._Data_D6_Pin
                0x00000000        0x1 Drivers/LCD/LCD.o
 .bss._Data_D5_Pin
                0x00000000        0x1 Drivers/LCD/LCD.o
 .bss._Data_D4_Pin
                0x00000000        0x1 Drivers/LCD/LCD.o
 .bss._Data_D3_Pin
                0x00000000        0x1 Drivers/LCD/LCD.o
 .bss._Data_D2_Pin
                0x00000000        0x1 Drivers/LCD/LCD.o
 .bss._Data_D1_Pin
                0x00000000        0x1 Drivers/LCD/LCD.o
 .bss._Data_D0_Pin
                0x00000000        0x1 Drivers/LCD/LCD.o
 .bss._Data_Port
                0x00000000        0x1 Drivers/LCD/LCD.o
 .bss._Ctrl_E_Pin
                0x00000000        0x1 Drivers/LCD/LCD.o
 .bss._Ctrl_RW_Pin
                0x00000000        0x1 Drivers/LCD/LCD.o
 .bss._Ctrl_RS_Pin
                0x00000000        0x1 Drivers/LCD/LCD.o
 .bss._Ctrl_Port
                0x00000000        0x1 Drivers/LCD/LCD.o
 .bss._LCD_Mode
                0x00000000        0x1 Drivers/LCD/LCD.o
 .debug_info    0x00000000      0xd86 Drivers/LCD/LCD.o
 .debug_abbrev  0x00000000      0x1fe Drivers/LCD/LCD.o
 .debug_loc     0x00000000      0x657 Drivers/LCD/LCD.o
 .debug_aranges
                0x00000000       0x60 Drivers/LCD/LCD.o
 .debug_ranges  0x00000000       0x50 Drivers/LCD/LCD.o
 .debug_line    0x00000000      0x4e6 Drivers/LCD/LCD.o
 .debug_str     0x00000000      0x49b Drivers/LCD/LCD.o
 .comment       0x00000000       0x31 Drivers/LCD/LCD.o
 .debug_frame   0x00000000       0xfc Drivers/LCD/LCD.o
 .text          0x00000000        0x0 Drivers/LED/LED.o
 .data          0x00000000        0x0 Drivers/LED/LED.o
 .bss           0x00000000        0x0 Drivers/LED/LED.o
 .text.LED_Setup
                0x00000000       0x1e Drivers/LED/LED.o
 .text.LED_Setup_With_Value
                0x00000000       0x24 Drivers/LED/LED.o
 .text.LED_On   0x00000000        0x8 Drivers/LED/LED.o
 .text.LED_Off  0x00000000        0x8 Drivers/LED/LED.o
 .debug_info    0x00000000      0x2b4 Drivers/LED/LED.o
 .debug_abbrev  0x00000000       0xe4 Drivers/LED/LED.o
 .debug_loc     0x00000000      0x1cb Drivers/LED/LED.o
 .debug_aranges
                0x00000000       0x38 Drivers/LED/LED.o
 .debug_ranges  0x00000000       0x28 Drivers/LED/LED.o
 .debug_line    0x00000000       0xb9 Drivers/LED/LED.o
 .debug_str     0x00000000      0x1d1 Drivers/LED/LED.o
 .comment       0x00000000       0x31 Drivers/LED/LED.o
 .debug_frame   0x00000000       0x70 Drivers/LED/LED.o
 .text          0x00000000        0x0 Drivers/SEVENSEGMENT/SEVENSEGEMENT.o
 .data          0x00000000        0x0 Drivers/SEVENSEGMENT/SEVENSEGEMENT.o
 .bss           0x00000000        0x0 Drivers/SEVENSEGMENT/SEVENSEGEMENT.o
 .text.SEVENSEGMENT_Setup
                0x00000000       0x5c Drivers/SEVENSEGMENT/SEVENSEGEMENT.o
 .text.SEVENSEGMENT_Control
                0x00000000        0x6 Drivers/SEVENSEGMENT/SEVENSEGEMENT.o
 .text.SEVENSEGMENT_Write
                0x00000000      0x1ec Drivers/SEVENSEGMENT/SEVENSEGEMENT.o
 .progmem.gcc_sw_table.SEVENSEGMENT_Write
                0x00000000       0x14 Drivers/SEVENSEGMENT/SEVENSEGEMENT.o
 .text.SEVENSEGMENT_Write_Value
                0x00000000       0x70 Drivers/SEVENSEGMENT/SEVENSEGEMENT.o
 .debug_info    0x00000000      0xa21 Drivers/SEVENSEGMENT/SEVENSEGEMENT.o
 .debug_abbrev  0x00000000       0xe0 Drivers/SEVENSEGMENT/SEVENSEGEMENT.o
 .debug_loc     0x00000000      0x55e Drivers/SEVENSEGMENT/SEVENSEGEMENT.o
 .debug_aranges
                0x00000000       0x38 Drivers/SEVENSEGMENT/SEVENSEGEMENT.o
 .debug_ranges  0x00000000       0x28 Drivers/SEVENSEGMENT/SEVENSEGEMENT.o
 .debug_line    0x00000000      0x25d Drivers/SEVENSEGMENT/SEVENSEGEMENT.o
 .debug_str     0x00000000      0x327 Drivers/SEVENSEGMENT/SEVENSEGEMENT.o
 .comment       0x00000000       0x31 Drivers/SEVENSEGMENT/SEVENSEGEMENT.o
 .debug_frame   0x00000000       0xc8 Drivers/SEVENSEGMENT/SEVENSEGEMENT.o
 .text          0x00000000        0x0 Drivers/SWITCH/SWITCH.o
 .data          0x00000000        0x0 Drivers/SWITCH/SWITCH.o
 .bss           0x00000000        0x0 Drivers/SWITCH/SWITCH.o
 .text.SWITCH_Setup
                0x00000000       0x16 Drivers/SWITCH/SWITCH.o
 .text.SWITCH_Status
                0x00000000       0x2a Drivers/SWITCH/SWITCH.o
 .debug_info    0x00000000      0x23e Drivers/SWITCH/SWITCH.o
 .debug_abbrev  0x00000000      0x100 Drivers/SWITCH/SWITCH.o
 .debug_loc     0x00000000      0x172 Drivers/SWITCH/SWITCH.o
 .debug_aranges
                0x00000000       0x28 Drivers/SWITCH/SWITCH.o
 .debug_ranges  0x00000000       0x18 Drivers/SWITCH/SWITCH.o
 .debug_line    0x00000000       0xcf Drivers/SWITCH/SWITCH.o
 .debug_str     0x00000000      0x1f8 Drivers/SWITCH/SWITCH.o
 .comment       0x00000000       0x31 Drivers/SWITCH/SWITCH.o
 .debug_frame   0x00000000       0x3c Drivers/SWITCH/SWITCH.o
 .text          0x00000000        0x0 Examples/Flasher.o
 .data          0x00000000        0x0 Examples/Flasher.o
 .bss           0x00000000        0x0 Examples/Flasher.o
 .text.Flasher_main
                0x00000000       0x28 Examples/Flasher.o
 .debug_info    0x00000000      0x10b Examples/Flasher.o
 .debug_abbrev  0x00000000       0xc5 Examples/Flasher.o
 .debug_aranges
                0x00000000       0x20 Examples/Flasher.o
 .debug_ranges  0x00000000       0x10 Examples/Flasher.o
 .debug_line    0x00000000      0x12c Examples/Flasher.o
 .debug_str     0x00000000      0x1c7 Examples/Flasher.o
 .comment       0x00000000       0x31 Examples/Flasher.o
 .debug_frame   0x00000000       0x24 Examples/Flasher.o
 .text          0x00000000        0x0 Examples/InterruptExternal.o
 .data          0x00000000        0x0 Examples/InterruptExternal.o
 .bss           0x00000000        0x0 Examples/InterruptExternal.o
 .text.InterruptExternal_main
                0x00000000       0x10 Examples/InterruptExternal.o
 .debug_info    0x00000000       0x9f Examples/InterruptExternal.o
 .debug_abbrev  0x00000000       0x6e Examples/InterruptExternal.o
 .debug_aranges
                0x00000000       0x20 Examples/InterruptExternal.o
 .debug_ranges  0x00000000       0x10 Examples/InterruptExternal.o
 .debug_line    0x00000000       0xc1 Examples/InterruptExternal.o
 .debug_str     0x00000000      0x1b0 Examples/InterruptExternal.o
 .comment       0x00000000       0x31 Examples/InterruptExternal.o
 .debug_frame   0x00000000       0x24 Examples/InterruptExternal.o
 COMMON         0x00000000        0x2 Examples/InterruptExternal.o
 .text          0x00000000        0x0 Examples/InterruptPinChange.o
 .data          0x00000000        0x0 Examples/InterruptPinChange.o
 .bss           0x00000000        0x0 Examples/InterruptPinChange.o
 .text.InterruptPinChange_main
                0x00000000       0x28 Examples/InterruptPinChange.o
 .text.PCINT0_vect
                0x00000000       0x1a Examples/InterruptPinChange.o
 .text.PCINT1_vect
                0x00000000       0x1a Examples/InterruptPinChange.o
 .text.PCINT2_vect
                0x00000000       0x1a Examples/InterruptPinChange.o
 .debug_info    0x00000000       0xe1 Examples/InterruptPinChange.o
 .debug_abbrev  0x00000000       0x86 Examples/InterruptPinChange.o
 .debug_loc     0x00000000       0xb4 Examples/InterruptPinChange.o
 .debug_aranges
                0x00000000       0x38 Examples/InterruptPinChange.o
 .debug_ranges  0x00000000       0x28 Examples/InterruptPinChange.o
 .debug_line    0x00000000      0x131 Examples/InterruptPinChange.o
 .debug_str     0x00000000      0x1d6 Examples/InterruptPinChange.o
 .comment       0x00000000       0x31 Examples/InterruptPinChange.o
 .debug_frame   0x00000000       0x84 Examples/InterruptPinChange.o
 .text          0x00000000        0x0 Examples/LCD.o
 .data          0x00000000        0x0 Examples/LCD.o
 .bss           0x00000000        0x0 Examples/LCD.o
 .text.LCD_main
                0x00000000        0xa Examples/LCD.o
 .debug_info    0x00000000       0xb8 Examples/LCD.o
 .debug_abbrev  0x00000000       0x8c Examples/LCD.o
 .debug_aranges
                0x00000000       0x20 Examples/LCD.o
 .debug_ranges  0x00000000       0x10 Examples/LCD.o
 .debug_line    0x00000000       0x45 Examples/LCD.o
 .debug_str     0x00000000      0x175 Examples/LCD.o
 .comment       0x00000000       0x31 Examples/LCD.o
 .debug_frame   0x00000000       0x24 Examples/LCD.o
 .text          0x00000000        0x0 Examples/TimerAsInputCapture.o
 .data          0x00000000        0x0 Examples/TimerAsInputCapture.o
 .bss           0x00000000        0x0 Examples/TimerAsInputCapture.o
 .text.InputCapture_main
                0x00000000       0x28 Examples/TimerAsInputCapture.o
 .text          0x00000000        0x0 Examples/TimerAsPWM.o
 .data          0x00000000        0x0 Examples/TimerAsPWM.o
 .bss           0x00000000        0x0 Examples/TimerAsPWM.o
 .text.PWM_main
                0x00000000        0x2 Examples/TimerAsPWM.o
 .debug_info    0x00000000       0x7d Examples/TimerAsPWM.o
 .debug_abbrev  0x00000000       0x49 Examples/TimerAsPWM.o
 .debug_aranges
                0x00000000       0x20 Examples/TimerAsPWM.o
 .debug_ranges  0x00000000       0x10 Examples/TimerAsPWM.o
 .debug_line    0x00000000       0x44 Examples/TimerAsPWM.o
 .debug_str     0x00000000      0x173 Examples/TimerAsPWM.o
 .comment       0x00000000       0x31 Examples/TimerAsPWM.o
 .debug_frame   0x00000000       0x24 Examples/TimerAsPWM.o
 .text          0x00000000        0x0 Examples/TimerAsCompare.o
 .data          0x00000000        0x0 Examples/TimerAsCompare.o
 .bss           0x00000000        0x0 Examples/TimerAsCompare.o
 .text.TimerAsCompare_main
                0x00000000        0x4 Examples/TimerAsCompare.o
 .text.TIMER0_COMPA_vect
                0x00000000       0x14 Examples/TimerAsCompare.o
 .debug_info    0x00000000       0x93 Examples/TimerAsCompare.o
 .debug_abbrev  0x00000000       0x61 Examples/TimerAsCompare.o
 .debug_loc     0x00000000       0x2f Examples/TimerAsCompare.o
 .debug_aranges
                0x00000000       0x28 Examples/TimerAsCompare.o
 .debug_ranges  0x00000000       0x18 Examples/TimerAsCompare.o
 .debug_line    0x00000000       0x66 Examples/TimerAsCompare.o
 .debug_str     0x00000000      0x194 Examples/TimerAsCompare.o
 .comment       0x00000000       0x31 Examples/TimerAsCompare.o
 .debug_frame   0x00000000       0x40 Examples/TimerAsCompare.o
 .text          0x00000000        0x0 Examples/PullUp.o
 .data          0x00000000        0x0 Examples/PullUp.o
 .bss           0x00000000        0x0 Examples/PullUp.o
 .text.PullUp_main
                0x00000000       0x38 Examples/PullUp.o
 .debug_info    0x00000000      0x109 Examples/PullUp.o
 .debug_abbrev  0x00000000       0xbc Examples/PullUp.o
 .debug_loc     0x00000000       0x48 Examples/PullUp.o
 .debug_aranges
                0x00000000       0x20 Examples/PullUp.o
 .debug_ranges  0x00000000       0x10 Examples/PullUp.o
 .debug_line    0x00000000      0x13e Examples/PullUp.o
 .debug_str     0x00000000      0x1c5 Examples/PullUp.o
 .comment       0x00000000       0x31 Examples/PullUp.o
 .debug_frame   0x00000000       0x24 Examples/PullUp.o
 .text          0x00000000        0x0 Examples/Register.o
 .data          0x00000000        0x0 Examples/Register.o
 .bss           0x00000000        0x0 Examples/Register.o
 .text.Register_main
                0x00000000       0x88 Examples/Register.o
 .debug_info    0x00000000       0x88 Examples/Register.o
 .debug_abbrev  0x00000000       0x56 Examples/Register.o
 .debug_aranges
                0x00000000       0x20 Examples/Register.o
 .debug_ranges  0x00000000       0x10 Examples/Register.o
 .debug_line    0x00000000      0x134 Examples/Register.o
 .debug_str     0x00000000      0x17e Examples/Register.o
 .comment       0x00000000       0x31 Examples/Register.o
 .debug_frame   0x00000000       0x24 Examples/Register.o
 .text          0x00000000        0x0 Examples/TimerAsTimer.o
 .data          0x00000000        0x0 Examples/TimerAsTimer.o
 .bss           0x00000000        0x0 Examples/TimerAsTimer.o
 .text.TimerAsTimer_main
                0x00000000        0x4 Examples/TimerAsTimer.o
 .text          0x00000000        0x0 main.o
 .data          0x00000000        0x0 main.o
 .bss           0x00000000        0x0 main.o
 .text          0x00000000        0x0 c:/program files (x86)/atmel/studio/7.0/toolchain/avr8/avr8-gnu-toolchain/bin/../lib/gcc/avr/5.4.0/../../../../avr/lib/avr5\libm.a(fixsfsi.o)
 .data          0x00000000        0x0 c:/program files (x86)/atmel/studio/7.0/toolchain/avr8/avr8-gnu-toolchain/bin/../lib/gcc/avr/5.4.0/../../../../avr/lib/avr5\libm.a(fixsfsi.o)
 .bss           0x00000000        0x0 c:/program files (x86)/atmel/studio/7.0/toolchain/avr8/avr8-gnu-toolchain/bin/../lib/gcc/avr/5.4.0/../../../../avr/lib/avr5\libm.a(fixsfsi.o)
 .text          0x00000000        0x0 c:/program files (x86)/atmel/studio/7.0/toolchain/avr8/avr8-gnu-toolchain/bin/../lib/gcc/avr/5.4.0/../../../../avr/lib/avr5\libm.a(fixunssfsi.o)
 .data          0x00000000        0x0 c:/program files (x86)/atmel/studio/7.0/toolchain/avr8/avr8-gnu-toolchain/bin/../lib/gcc/avr/5.4.0/../../../../avr/lib/avr5\libm.a(fixunssfsi.o)
 .bss           0x00000000        0x0 c:/program files (x86)/atmel/studio/7.0/toolchain/avr8/avr8-gnu-toolchain/bin/../lib/gcc/avr/5.4.0/../../../../avr/lib/avr5\libm.a(fixunssfsi.o)
 .text          0x00000000        0x0 c:/program files (x86)/atmel/studio/7.0/toolchain/avr8/avr8-gnu-toolchain/bin/../lib/gcc/avr/5.4.0/../../../../avr/lib/avr5\libm.a(floatsisf.o)
 .data          0x00000000        0x0 c:/program files (x86)/atmel/studio/7.0/toolchain/avr8/avr8-gnu-toolchain/bin/../lib/gcc/avr/5.4.0/../../../../avr/lib/avr5\libm.a(floatsisf.o)
 .bss           0x00000000        0x0 c:/program files (x86)/atmel/studio/7.0/toolchain/avr8/avr8-gnu-toolchain/bin/../lib/gcc/avr/5.4.0/../../../../avr/lib/avr5\libm.a(floatsisf.o)
 .text          0x00000000        0x0 c:/program files (x86)/atmel/studio/7.0/toolchain/avr8/avr8-gnu-toolchain/bin/../lib/gcc/avr/5.4.0/../../../../avr/lib/avr5\libm.a(fp_split3.o)
 .data          0x00000000        0x0 c:/program files (x86)/atmel/studio/7.0/toolchain/avr8/avr8-gnu-toolchain/bin/../lib/gcc/avr/5.4.0/../../../../avr/lib/avr5\libm.a(fp_split3.o)
 .bss           0x00000000        0x0 c:/program files (x86)/atmel/studio/7.0/toolchain/avr8/avr8-gnu-toolchain/bin/../lib/gcc/avr/5.4.0/../../../../avr/lib/avr5\libm.a(fp_split3.o)
 .text          0x00000000        0x0 c:/program files (x86)/atmel/studio/7.0/toolchain/avr8/avr8-gnu-toolchain/bin/../lib/gcc/avr/5.4.0/../../../../avr/lib/avr5\libm.a(fp_zero.o)
 .data          0x00000000        0x0 c:/program files (x86)/atmel/studio/7.0/toolchain/avr8/avr8-gnu-toolchain/bin/../lib/gcc/avr/5.4.0/../../../../avr/lib/avr5\libm.a(fp_zero.o)
 .bss           0x00000000        0x0 c:/program files (x86)/atmel/studio/7.0/toolchain/avr8/avr8-gnu-toolchain/bin/../lib/gcc/avr/5.4.0/../../../../avr/lib/avr5\libm.a(fp_zero.o)
 .text          0x00000000        0x0 c:/program files (x86)/atmel/studio/7.0/toolchain/avr8/avr8-gnu-toolchain/bin/../lib/gcc/avr/5.4.0/../../../../avr/lib/avr5\libm.a(mulsf3.o)
 .data          0x00000000        0x0 c:/program files (x86)/atmel/studio/7.0/toolchain/avr8/avr8-gnu-toolchain/bin/../lib/gcc/avr/5.4.0/../../../../avr/lib/avr5\libm.a(mulsf3.o)
 .bss           0x00000000        0x0 c:/program files (x86)/atmel/studio/7.0/toolchain/avr8/avr8-gnu-toolchain/bin/../lib/gcc/avr/5.4.0/../../../../avr/lib/avr5\libm.a(mulsf3.o)
 .text          0x00000000        0x0 c:/program files (x86)/atmel/studio/7.0/toolchain/avr8/avr8-gnu-toolchain/bin/../lib/gcc/avr/5.4.0/../../../../avr/lib/avr5\libm.a(mulsf3x.o)
 .data          0x00000000        0x0 c:/program files (x86)/atmel/studio/7.0/toolchain/avr8/avr8-gnu-toolchain/bin/../lib/gcc/avr/5.4.0/../../../../avr/lib/avr5\libm.a(mulsf3x.o)
 .bss           0x00000000        0x0 c:/program files (x86)/atmel/studio/7.0/toolchain/avr8/avr8-gnu-toolchain/bin/../lib/gcc/avr/5.4.0/../../../../avr/lib/avr5\libm.a(mulsf3x.o)
 .text          0x00000000        0x0 c:/program files (x86)/atmel/studio/7.0/toolchain/avr8/avr8-gnu-toolchain/bin/../lib/gcc/avr/5.4.0/../../../../avr/lib/avr5\libm.a(fp_inf.o)
 .data          0x00000000        0x0 c:/program files (x86)/atmel/studio/7.0/toolchain/avr8/avr8-gnu-toolchain/bin/../lib/gcc/avr/5.4.0/../../../../avr/lib/avr5\libm.a(fp_inf.o)
 .bss           0x00000000        0x0 c:/program files (x86)/atmel/studio/7.0/toolchain/avr8/avr8-gnu-toolchain/bin/../lib/gcc/avr/5.4.0/../../../../avr/lib/avr5\libm.a(fp_inf.o)
 .text          0x00000000        0x0 c:/program files (x86)/atmel/studio/7.0/toolchain/avr8/avr8-gnu-toolchain/bin/../lib/gcc/avr/5.4.0/../../../../avr/lib/avr5\libm.a(fp_nan.o)
 .data          0x00000000        0x0 c:/program files (x86)/atmel/studio/7.0/toolchain/avr8/avr8-gnu-toolchain/bin/../lib/gcc/avr/5.4.0/../../../../avr/lib/avr5\libm.a(fp_nan.o)
 .bss           0x00000000        0x0 c:/program files (x86)/atmel/studio/7.0/toolchain/avr8/avr8-gnu-toolchain/bin/../lib/gcc/avr/5.4.0/../../../../avr/lib/avr5\libm.a(fp_nan.o)
 .text          0x00000000        0x0 c:/program files (x86)/atmel/studio/7.0/toolchain/avr8/avr8-gnu-toolchain/bin/../lib/gcc/avr/5.4.0/../../../../avr/lib/avr5\libm.a(fp_pscA.o)
 .data          0x00000000        0x0 c:/program files (x86)/atmel/studio/7.0/toolchain/avr8/avr8-gnu-toolchain/bin/../lib/gcc/avr/5.4.0/../../../../avr/lib/avr5\libm.a(fp_pscA.o)
 .bss           0x00000000        0x0 c:/program files (x86)/atmel/studio/7.0/toolchain/avr8/avr8-gnu-toolchain/bin/../lib/gcc/avr/5.4.0/../../../../avr/lib/avr5\libm.a(fp_pscA.o)
 .text          0x00000000        0x0 c:/program files (x86)/atmel/studio/7.0/toolchain/avr8/avr8-gnu-toolchain/bin/../lib/gcc/avr/5.4.0/../../../../avr/lib/avr5\libm.a(fp_pscB.o)
 .data          0x00000000        0x0 c:/program files (x86)/atmel/studio/7.0/toolchain/avr8/avr8-gnu-toolchain/bin/../lib/gcc/avr/5.4.0/../../../../avr/lib/avr5\libm.a(fp_pscB.o)
 .bss           0x00000000        0x0 c:/program files (x86)/atmel/studio/7.0/toolchain/avr8/avr8-gnu-toolchain/bin/../lib/gcc/avr/5.4.0/../../../../avr/lib/avr5\libm.a(fp_pscB.o)
 .text          0x00000000        0x0 c:/program files (x86)/atmel/studio/7.0/toolchain/avr8/avr8-gnu-toolchain/bin/../lib/gcc/avr/5.4.0/../../../../avr/lib/avr5\libm.a(fp_round.o)
 .data          0x00000000        0x0 c:/program files (x86)/atmel/studio/7.0/toolchain/avr8/avr8-gnu-toolchain/bin/../lib/gcc/avr/5.4.0/../../../../avr/lib/avr5\libm.a(fp_round.o)
 .bss           0x00000000        0x0 c:/program files (x86)/atmel/studio/7.0/toolchain/avr8/avr8-gnu-toolchain/bin/../lib/gcc/avr/5.4.0/../../../../avr/lib/avr5\libm.a(fp_round.o)
 .text          0x00000000        0x0 c:/program files (x86)/atmel/studio/7.0/toolchain/avr8/avr8-gnu-toolchain/bin/../lib/gcc/avr/5.4.0/avr5\libgcc.a(_divmodsi4.o)
 .data          0x00000000        0x0 c:/program files (x86)/atmel/studio/7.0/toolchain/avr8/avr8-gnu-toolchain/bin/../lib/gcc/avr/5.4.0/avr5\libgcc.a(_divmodsi4.o)
 .bss           0x00000000        0x0 c:/program files (x86)/atmel/studio/7.0/toolchain/avr8/avr8-gnu-toolchain/bin/../lib/gcc/avr/5.4.0/avr5\libgcc.a(_divmodsi4.o)
 .text.libgcc.mul
                0x00000000        0x0 c:/program files (x86)/atmel/studio/7.0/toolchain/avr8/avr8-gnu-toolchain/bin/../lib/gcc/avr/5.4.0/avr5\libgcc.a(_divmodsi4.o)
 .text.libgcc   0x00000000        0x0 c:/program files (x86)/atmel/studio/7.0/toolchain/avr8/avr8-gnu-toolchain/bin/../lib/gcc/avr/5.4.0/avr5\libgcc.a(_divmodsi4.o)
 .text.libgcc.prologue
                0x00000000        0x0 c:/program files (x86)/atmel/studio/7.0/toolchain/avr8/avr8-gnu-toolchain/bin/../lib/gcc/avr/5.4.0/avr5\libgcc.a(_divmodsi4.o)
 .text.libgcc.builtins
                0x00000000        0x0 c:/program files (x86)/atmel/studio/7.0/toolchain/avr8/avr8-gnu-toolchain/bin/../lib/gcc/avr/5.4.0/avr5\libgcc.a(_divmodsi4.o)
 .text.libgcc.fmul
                0x00000000        0x0 c:/program files (x86)/atmel/studio/7.0/toolchain/avr8/avr8-gnu-toolchain/bin/../lib/gcc/avr/5.4.0/avr5\libgcc.a(_divmodsi4.o)
 .text.libgcc.fixed
                0x00000000        0x0 c:/program files (x86)/atmel/studio/7.0/toolchain/avr8/avr8-gnu-toolchain/bin/../lib/gcc/avr/5.4.0/avr5\libgcc.a(_divmodsi4.o)
 .text          0x00000000        0x0 c:/program files (x86)/atmel/studio/7.0/toolchain/avr8/avr8-gnu-toolchain/bin/../lib/gcc/avr/5.4.0/avr5\libgcc.a(_negsi2.o)
 .data          0x00000000        0x0 c:/program files (x86)/atmel/studio/7.0/toolchain/avr8/avr8-gnu-toolchain/bin/../lib/gcc/avr/5.4.0/avr5\libgcc.a(_negsi2.o)
 .bss           0x00000000        0x0 c:/program files (x86)/atmel/studio/7.0/toolchain/avr8/avr8-gnu-toolchain/bin/../lib/gcc/avr/5.4.0/avr5\libgcc.a(_negsi2.o)
 .text.libgcc.mul
                0x00000000        0x0 c:/program files (x86)/atmel/studio/7.0/toolchain/avr8/avr8-gnu-toolchain/bin/../lib/gcc/avr/5.4.0/avr5\libgcc.a(_negsi2.o)
 .text.libgcc   0x00000000        0x0 c:/program files (x86)/atmel/studio/7.0/toolchain/avr8/avr8-gnu-toolchain/bin/../lib/gcc/avr/5.4.0/avr5\libgcc.a(_negsi2.o)
 .text.libgcc.prologue
                0x00000000        0x0 c:/program files (x86)/atmel/studio/7.0/toolchain/avr8/avr8-gnu-toolchain/bin/../lib/gcc/avr/5.4.0/avr5\libgcc.a(_negsi2.o)
 .text.libgcc.builtins
                0x00000000        0x0 c:/program files (x86)/atmel/studio/7.0/toolchain/avr8/avr8-gnu-toolchain/bin/../lib/gcc/avr/5.4.0/avr5\libgcc.a(_negsi2.o)
 .text.libgcc.fmul
                0x00000000        0x0 c:/program files (x86)/atmel/studio/7.0/toolchain/avr8/avr8-gnu-toolchain/bin/../lib/gcc/avr/5.4.0/avr5\libgcc.a(_negsi2.o)
 .text.libgcc.fixed
                0x00000000        0x0 c:/program files (x86)/atmel/studio/7.0/toolchain/avr8/avr8-gnu-toolchain/bin/../lib/gcc/avr/5.4.0/avr5\libgcc.a(_negsi2.o)
 .text          0x00000000        0x0 c:/program files (x86)/atmel/studio/7.0/toolchain/avr8/avr8-gnu-toolchain/bin/../lib/gcc/avr/5.4.0/avr5\libgcc.a(_exit.o)
 .data          0x00000000        0x0 c:/program files (x86)/atmel/studio/7.0/toolchain/avr8/avr8-gnu-toolchain/bin/../lib/gcc/avr/5.4.0/avr5\libgcc.a(_exit.o)
 .bss           0x00000000        0x0 c:/program files (x86)/atmel/studio/7.0/toolchain/avr8/avr8-gnu-toolchain/bin/../lib/gcc/avr/5.4.0/avr5\libgcc.a(_exit.o)
 .text.libgcc.mul
                0x00000000        0x0 c:/program files (x86)/atmel/studio/7.0/toolchain/avr8/avr8-gnu-toolchain/bin/../lib/gcc/avr/5.4.0/avr5\libgcc.a(_exit.o)
 .text.libgcc.div
                0x00000000        0x0 c:/program files (x86)/atmel/studio/7.0/toolchain/avr8/avr8-gnu-toolchain/bin/../lib/gcc/avr/5.4.0/avr5\libgcc.a(_exit.o)
 .text.libgcc   0x00000000        0x0 c:/program files (x86)/atmel/studio/7.0/toolchain/avr8/avr8-gnu-toolchain/bin/../lib/gcc/avr/5.4.0/avr5\libgcc.a(_exit.o)
 .text.libgcc.prologue
                0x00000000        0x0 c:/program files (x86)/atmel/studio/7.0/toolchain/avr8/avr8-gnu-toolchain/bin/../lib/gcc/avr/5.4.0/avr5\libgcc.a(_exit.o)
 .text.libgcc.builtins
                0x00000000        0x0 c:/program files (x86)/atmel/studio/7.0/toolchain/avr8/avr8-gnu-toolchain/bin/../lib/gcc/avr/5.4.0/avr5\libgcc.a(_exit.o)
 .text.libgcc.fmul
                0x00000000        0x0 c:/program files (x86)/atmel/studio/7.0/toolchain/avr8/avr8-gnu-toolchain/bin/../lib/gcc/avr/5.4.0/avr5\libgcc.a(_exit.o)
 .text.libgcc.fixed
                0x00000000        0x0 c:/program files (x86)/atmel/studio/7.0/toolchain/avr8/avr8-gnu-toolchain/bin/../lib/gcc/avr/5.4.0/avr5\libgcc.a(_exit.o)
 .text          0x00000000        0x0 c:/program files (x86)/atmel/studio/7.0/toolchain/avr8/avr8-gnu-toolchain/bin/../lib/gcc/avr/5.4.0/avr5\libgcc.a(_tablejump2.o)
 .data          0x00000000        0x0 c:/program files (x86)/atmel/studio/7.0/toolchain/avr8/avr8-gnu-toolchain/bin/../lib/gcc/avr/5.4.0/avr5\libgcc.a(_tablejump2.o)
 .bss           0x00000000        0x0 c:/program files (x86)/atmel/studio/7.0/toolchain/avr8/avr8-gnu-toolchain/bin/../lib/gcc/avr/5.4.0/avr5\libgcc.a(_tablejump2.o)
 .text.libgcc.mul
                0x00000000        0x0 c:/program files (x86)/atmel/studio/7.0/toolchain/avr8/avr8-gnu-toolchain/bin/../lib/gcc/avr/5.4.0/avr5\libgcc.a(_tablejump2.o)
 .text.libgcc.div
                0x00000000        0x0 c:/program files (x86)/atmel/studio/7.0/toolchain/avr8/avr8-gnu-toolchain/bin/../lib/gcc/avr/5.4.0/avr5\libgcc.a(_tablejump2.o)
 .text.libgcc   0x00000000        0xc c:/program files (x86)/atmel/studio/7.0/toolchain/avr8/avr8-gnu-toolchain/bin/../lib/gcc/avr/5.4.0/avr5\libgcc.a(_tablejump2.o)
 .text.libgcc.prologue
                0x00000000        0x0 c:/program files (x86)/atmel/studio/7.0/toolchain/avr8/avr8-gnu-toolchain/bin/../lib/gcc/avr/5.4.0/avr5\libgcc.a(_tablejump2.o)
 .text.libgcc.builtins
                0x00000000        0x0 c:/program files (x86)/atmel/studio/7.0/toolchain/avr8/avr8-gnu-toolchain/bin/../lib/gcc/avr/5.4.0/avr5\libgcc.a(_tablejump2.o)
 .text.libgcc.fmul
                0x00000000        0x0 c:/program files (x86)/atmel/studio/7.0/toolchain/avr8/avr8-gnu-toolchain/bin/../lib/gcc/avr/5.4.0/avr5\libgcc.a(_tablejump2.o)
 .text.libgcc.fixed
                0x00000000        0x0 c:/program files (x86)/atmel/studio/7.0/toolchain/avr8/avr8-gnu-toolchain/bin/../lib/gcc/avr/5.4.0/avr5\libgcc.a(_tablejump2.o)
 .text          0x00000000        0x0 c:/program files (x86)/atmel/studio/7.0/toolchain/avr8/avr8-gnu-toolchain/bin/../lib/gcc/avr/5.4.0/avr5\libgcc.a(_copy_data.o)
 .data          0x00000000        0x0 c:/program files (x86)/atmel/studio/7.0/toolchain/avr8/avr8-gnu-toolchain/bin/../lib/gcc/avr/5.4.0/avr5\libgcc.a(_copy_data.o)
 .bss           0x00000000        0x0 c:/program files (x86)/atmel/studio/7.0/toolchain/avr8/avr8-gnu-toolchain/bin/../lib/gcc/avr/5.4.0/avr5\libgcc.a(_copy_data.o)
 .text.libgcc.mul
                0x00000000        0x0 c:/program files (x86)/atmel/studio/7.0/toolchain/avr8/avr8-gnu-toolchain/bin/../lib/gcc/avr/5.4.0/avr5\libgcc.a(_copy_data.o)
 .text.libgcc.div
                0x00000000        0x0 c:/program files (x86)/atmel/studio/7.0/toolchain/avr8/avr8-gnu-toolchain/bin/../lib/gcc/avr/5.4.0/avr5\libgcc.a(_copy_data.o)
 .text.libgcc   0x00000000        0x0 c:/program files (x86)/atmel/studio/7.0/toolchain/avr8/avr8-gnu-toolchain/bin/../lib/gcc/avr/5.4.0/avr5\libgcc.a(_copy_data.o)
 .text.libgcc.prologue
                0x00000000        0x0 c:/program files (x86)/atmel/studio/7.0/toolchain/avr8/avr8-gnu-toolchain/bin/../lib/gcc/avr/5.4.0/avr5\libgcc.a(_copy_data.o)
 .text.libgcc.builtins
                0x00000000        0x0 c:/program files (x86)/atmel/studio/7.0/toolchain/avr8/avr8-gnu-toolchain/bin/../lib/gcc/avr/5.4.0/avr5\libgcc.a(_copy_data.o)
 .text.libgcc.fmul
                0x00000000        0x0 c:/program files (x86)/atmel/studio/7.0/toolchain/avr8/avr8-gnu-toolchain/bin/../lib/gcc/avr/5.4.0/avr5\libgcc.a(_copy_data.o)
 .text.libgcc.fixed
                0x00000000        0x0 c:/program files (x86)/atmel/studio/7.0/toolchain/avr8/avr8-gnu-toolchain/bin/../lib/gcc/avr/5.4.0/avr5\libgcc.a(_copy_data.o)
 .text          0x00000000        0x0 c:/program files (x86)/atmel/studio/7.0/toolchain/avr8/avr8-gnu-toolchain/bin/../lib/gcc/avr/5.4.0/avr5\libgcc.a(_clear_bss.o)
 .data          0x00000000        0x0 c:/program files (x86)/atmel/studio/7.0/toolchain/avr8/avr8-gnu-toolchain/bin/../lib/gcc/avr/5.4.0/avr5\libgcc.a(_clear_bss.o)
 .bss           0x00000000        0x0 c:/program files (x86)/atmel/studio/7.0/toolchain/avr8/avr8-gnu-toolchain/bin/../lib/gcc/avr/5.4.0/avr5\libgcc.a(_clear_bss.o)
 .text.libgcc.mul
                0x00000000        0x0 c:/program files (x86)/atmel/studio/7.0/toolchain/avr8/avr8-gnu-toolchain/bin/../lib/gcc/avr/5.4.0/avr5\libgcc.a(_clear_bss.o)
 .text.libgcc.div
                0x00000000        0x0 c:/program files (x86)/atmel/studio/7.0/toolchain/avr8/avr8-gnu-toolchain/bin/../lib/gcc/avr/5.4.0/avr5\libgcc.a(_clear_bss.o)
 .text.libgcc   0x00000000        0x0 c:/program files (x86)/atmel/studio/7.0/toolchain/avr8/avr8-gnu-toolchain/bin/../lib/gcc/avr/5.4.0/avr5\libgcc.a(_clear_bss.o)
 .text.libgcc.prologue
                0x00000000        0x0 c:/program files (x86)/atmel/studio/7.0/toolchain/avr8/avr8-gnu-toolchain/bin/../lib/gcc/avr/5.4.0/avr5\libgcc.a(_clear_bss.o)
 .text.libgcc.builtins
                0x00000000        0x0 c:/program files (x86)/atmel/studio/7.0/toolchain/avr8/avr8-gnu-toolchain/bin/../lib/gcc/avr/5.4.0/avr5\libgcc.a(_clear_bss.o)
 .text.libgcc.fmul
                0x00000000        0x0 c:/program files (x86)/atmel/studio/7.0/toolchain/avr8/avr8-gnu-toolchain/bin/../lib/gcc/avr/5.4.0/avr5\libgcc.a(_clear_bss.o)
 .text.libgcc.fixed
                0x00000000        0x0 c:/program files (x86)/atmel/studio/7.0/toolchain/avr8/avr8-gnu-toolchain/bin/../lib/gcc/avr/5.4.0/avr5\libgcc.a(_clear_bss.o)
 .text          0x00000000        0x0 c:/program files (x86)/atmel/studio/7.0/toolchain/avr8/avr8-gnu-toolchain/bin/../lib/gcc/avr/5.4.0/avr5\libgcc.a(_udivmodsi4.o)
 .data          0x00000000        0x0 c:/program files (x86)/atmel/studio/7.0/toolchain/avr8/avr8-gnu-toolchain/bin/../lib/gcc/avr/5.4.0/avr5\libgcc.a(_udivmodsi4.o)
 .bss           0x00000000        0x0 c:/program files (x86)/atmel/studio/7.0/toolchain/avr8/avr8-gnu-toolchain/bin/../lib/gcc/avr/5.4.0/avr5\libgcc.a(_udivmodsi4.o)
 .text.libgcc.mul
                0x00000000        0x0 c:/program files (x86)/atmel/studio/7.0/toolchain/avr8/avr8-gnu-toolchain/bin/../lib/gcc/avr/5.4.0/avr5\libgcc.a(_udivmodsi4.o)
 .text.libgcc   0x00000000        0x0 c:/program files (x86)/atmel/studio/7.0/toolchain/avr8/avr8-gnu-toolchain/bin/../lib/gcc/avr/5.4.0/avr5\libgcc.a(_udivmodsi4.o)
 .text.libgcc.prologue
                0x00000000        0x0 c:/program files (x86)/atmel/studio/7.0/toolchain/avr8/avr8-gnu-toolchain/bin/../lib/gcc/avr/5.4.0/avr5\libgcc.a(_udivmodsi4.o)
 .text.libgcc.builtins
                0x00000000        0x0 c:/program files (x86)/atmel/studio/7.0/toolchain/avr8/avr8-gnu-toolchain/bin/../lib/gcc/avr/5.4.0/avr5\libgcc.a(_udivmodsi4.o)
 .text.libgcc.fmul
                0x00000000        0x0 c:/program files (x86)/atmel/studio/7.0/toolchain/avr8/avr8-gnu-toolchain/bin/../lib/gcc/avr/5.4.0/avr5\libgcc.a(_udivmodsi4.o)
 .text.libgcc.fixed
                0x00000000        0x0 c:/program files (x86)/atmel/studio/7.0/toolchain/avr8/avr8-gnu-toolchain/bin/../lib/gcc/avr/5.4.0/avr5\libgcc.a(_udivmodsi4.o)

Memory Configuration

Name             Origin             Length             Attributes
text             0x00000000         0x00008000         xr
data             0x00800060         0x00000800         rw !x
eeprom           0x00810000         0x00000400         rw !x
fuse             0x00820000         0x00000002         rw !x
lock             0x00830000         0x00000400         rw !x
signature        0x00840000         0x00000400         rw !x
user_signatures  0x00850000         0x00000400         rw !x
*default*        0x00000000         0xffffffff

Linker script and memory map

LOAD C:/Program Files (x86)/Atmel/Studio/7.0/Packs/atmel/ATmega_DFP/1.6.364/gcc/dev/atmega32a/avr5/crtatmega32a.o
LOAD Core/ADC/ADC.o
LOAD Core/GPIO/GPIO.o
LOAD Core/Interrupts/ExternalInterrupt.o
LOAD Drivers/LCD/LCD.o
LOAD Drivers/LED/LED.o
LOAD Drivers/SEVENSEGMENT/SEVENSEGEMENT.o
LOAD Drivers/SWITCH/SWITCH.o
LOAD Examples/Flasher.o
LOAD Examples/InterruptExternal.o
LOAD Examples/InterruptPinChange.o
LOAD Examples/LCD.o
LOAD Examples/TimerAsInputCapture.o
LOAD Examples/TimerAsPWM.o
LOAD Examples/TimerAsCompare.o
LOAD Examples/PullUp.o
LOAD Examples/Register.o
LOAD Examples/TimerAsTimer.o
LOAD main.o
START GROUP
LOAD c:/program files (x86)/atmel/studio/7.0/toolchain/avr8/avr8-gnu-toolchain/bin/../lib/gcc/avr/5.4.0/../../../../avr/lib/avr5\libm.a
END GROUP
START GROUP
LOAD c:/program files (x86)/atmel/studio/7.0/toolchain/avr8/avr8-gnu-toolchain/bin/../lib/gcc/avr/5.4.0/avr5\libgcc.a
LOAD c:/program files (x86)/atmel/studio/7.0/toolchain/avr8/avr8-gnu-toolchain/bin/../lib/gcc/avr/5.4.0/../../../../avr/lib/avr5\libm.a
LOAD c:/program files (x86)/atmel/studio/7.0/toolchain/avr8/avr8-gnu-toolchain/bin/../lib/gcc/avr/5.4.0/../../../../avr/lib/avr5\libc.a
LOAD C:/Program Files (x86)/Atmel/Studio/7.0/Packs/atmel/ATmega_DFP/1.6.364/gcc/dev/atmega32a/avr5\libatmega32a.a
END GROUP
                [0x00000000]                __TEXT_REGION_ORIGIN__ = DEFINED (__TEXT_REGION_ORIGIN__)?__TEXT_REGION_ORIGIN__:0x0
                [0x00800060]                __DATA_REGION_ORIGIN__ = DEFINED (__DATA_REGION_ORIGIN__)?__DATA_REGION_ORIGIN__:0x800060
                [0x00008000]                __TEXT_REGION_LENGTH__ = DEFINED (__TEXT_REGION_LENGTH__)?__TEXT_REGION_LENGTH__:0x20000
                [0x00000800]                __DATA_REGION_LENGTH__ = DEFINED (__DATA_REGION_LENGTH__)?__DATA_REGION_LENGTH__:0xffa0
                [0x00000400]                __EEPROM_REGION_LENGTH__ = DEFINED (__EEPROM_REGION_LENGTH__)?__EEPROM_REGION_LENGTH__:0x10000
                [0x00000002]                __FUSE_REGION_LENGTH__ = DEFINED (__FUSE_REGION_LENGTH__)?__FUSE_REGION_LENGTH__:0x400
                0x00000400                __LOCK_REGION_LENGTH__ = DEFINED (__LOCK_REGION_LENGTH__)?__LOCK_REGION_LENGTH__:0x400
                0x00000400                __SIGNATURE_REGION_LENGTH__ = DEFINED (__SIGNATURE_REGION_LENGTH__)?__SIGNATURE_REGION_LENGTH__:0x400
                0x00000400                __USER_SIGNATURE_REGION_LENGTH__ = DEFINED (__USER_SIGNATURE_REGION_LENGTH__)?__USER_SIGNATURE_REGION_LENGTH__:0x400

.hash
 *(.hash)

.dynsym
 *(.dynsym)

.dynstr
 *(.dynstr)

.gnu.version
 *(.gnu.version)

.gnu.version_d
 *(.gnu.version_d)

.gnu.version_r
 *(.gnu.version_r)

.rel.init
 *(.rel.init)

.rela.init
 *(.rela.init)

.rel.text
 *(.rel.text)
 *(.rel.text.*)
 *(.rel.gnu.linkonce.t*)

.rela.text
 *(.rela.text)
 *(.rela.text.*)
 *(.rela.gnu.linkonce.t*)

.rel.fini
 *(.rel.fini)

.rela.fini
 *(.rela.fini)

.rel.rodata
 *(.rel.rodata)
 *(.rel.rodata.*)
 *(.rel.gnu.linkonce.r*)

.rela.rodata
 *(.rela.rodata)
 *(.rela.rodata.*)
 *(.rela.gnu.linkonce.r*)

.rel.data
 *(.rel.data)
 *(.rel.data.*)
 *(.rel.gnu.linkonce.d*)

.rela.data
 *(.rela.data)
 *(.rela.data.*)
 *(.rela.gnu.linkonce.d*)

.rel.ctors
 *(.rel.ctors)

.rela.ctors
 *(.rela.ctors)

.rel.dtors
 *(.rel.dtors)

.rela.dtors
 *(.rela.dtors)

.rel.got
 *(.rel.got)

.rela.got
 *(.rela.got)

.rel.bss
 *(.rel.bss)

.rela.bss
 *(.rela.bss)

.rel.plt
 *(.rel.plt)

.rela.plt
 *(.rela.plt)

.text           0x00000000      0x8dc
 *(.vectors)
 .vectors       0x00000000       0x54 C:/Program Files (x86)/Atmel/Studio/7.0/Packs/atmel/ATmega_DFP/1.6.364/gcc/dev/atmega32a/avr5/crtatmega32a.o
                0x00000000                __vector_default
                0x00000000                __vectors
 *(.vectors)
 *(.progmem.gcc*)
                0x00000054                . = ALIGN (0x2)
                0x00000054                __trampolines_start = .
 *(.trampolines)
 .trampolines   0x00000054        0x0 linker stubs
 *(.trampolines*)
                0x00000054                __trampolines_end = .
 *libprintf_flt.a:*(.progmem.data)
 *libc.a:*(.progmem.data)
 *(.progmem*)
                0x00000054                . = ALIGN (0x2)
 *(.jumptables)
 *(.jumptables*)
 *(.lowtext)
 *(.lowtext*)
                0x00000054                __ctors_start = .
 *(.ctors)
                0x00000054                __ctors_end = .
                0x00000054                __dtors_start = .
 *(.dtors)
                0x00000054                __dtors_end = .
 SORT(*)(.ctors)
 SORT(*)(.dtors)
 *(.init0)
 .init0         0x00000054        0x0 C:/Program Files (x86)/Atmel/Studio/7.0/Packs/atmel/ATmega_DFP/1.6.364/gcc/dev/atmega32a/avr5/crtatmega32a.o
                0x00000054                __init
 *(.init0)
 *(.init1)
 *(.init1)
 *(.init2)
 .init2         0x00000054        0xc C:/Program Files (x86)/Atmel/Studio/7.0/Packs/atmel/ATmega_DFP/1.6.364/gcc/dev/atmega32a/avr5/crtatmega32a.o
 *(.init2)
 *(.init3)
 *(.init3)
 *(.init4)
 .init4         0x00000060       0x16 c:/program files (x86)/atmel/studio/7.0/toolchain/avr8/avr8-gnu-toolchain/bin/../lib/gcc/avr/5.4.0/avr5\libgcc.a(_copy_data.o)
                0x00000060                __do_copy_data
 .init4         0x00000076       0x10 c:/program files (x86)/atmel/studio/7.0/toolchain/avr8/avr8-gnu-toolchain/bin/../lib/gcc/avr/5.4.0/avr5\libgcc.a(_clear_bss.o)
                0x00000076                __do_clear_bss
 *(.init4)
 *(.init5)
 *(.init5)
 *(.init6)
 *(.init6)
 *(.init7)
 *(.init7)
 *(.init8)
 *(.init8)
 *(.init9)
 .init9         0x00000086        0x8 C:/Program Files (x86)/Atmel/Studio/7.0/Packs/atmel/ATmega_DFP/1.6.364/gcc/dev/atmega32a/avr5/crtatmega32a.o
 *(.init9)
 *(.text)
 .text          0x0000008e        0x4 C:/Program Files (x86)/Atmel/Studio/7.0/Packs/atmel/ATmega_DFP/1.6.364/gcc/dev/atmega32a/avr5/crtatmega32a.o
                0x0000008e                __vector_12
                0x0000008e                __bad_interrupt
                0x0000008e                __vector_13
                0x0000008e                __vector_17
                0x0000008e                __vector_19
                0x0000008e                __vector_7
                0x0000008e                __vector_5
                0x0000008e                __vector_4
                0x0000008e                __vector_15
                0x0000008e                __vector_8
                0x0000008e                __vector_14
                0x0000008e                __vector_10
                0x0000008e                __vector_16
                0x0000008e                __vector_18
                0x0000008e                __vector_20
                0x00000092                . = ALIGN (0x2)
 *(.text.*)
 .text.Port_Direction
                0x00000092       0x84 Core/GPIO/GPIO.o
                0x00000092                Port_Direction
 .text.Port_Write_Value
                0x00000116       0x20 Core/GPIO/GPIO.o
                0x00000116                Port_Write_Value
 .text.Pin_Direction
                0x00000136      0x176 Core/GPIO/GPIO.o
                0x00000136                Pin_Direction
 .text.EXTI_Set_Trigger_Mode
                0x000002ac       0xb4 Core/Interrupts/ExternalInterrupt.o
                0x000002ac                EXTI_Set_Trigger_Mode
 .text.EXTI_Enable_External_Interrupt
                0x00000360       0x24 Core/Interrupts/ExternalInterrupt.o
                0x00000360                EXTI_Enable_External_Interrupt
 .text.EXTI_Clear_Interrupt_Flag
                0x00000384       0x24 Core/Interrupts/ExternalInterrupt.o
                0x00000384                EXTI_Clear_Interrupt_Flag
 .text.EXTI_Set_Callback
                0x000003a8       0x2a Core/Interrupts/ExternalInterrupt.o
                0x000003a8                EXTI_Set_Callback
 .text.EXTI_Enable_Global_Interrupt
                0x000003d2        0x8 Core/Interrupts/ExternalInterrupt.o
                0x000003d2                EXTI_Enable_Global_Interrupt
 .text.EXTI_Initialize
                0x000003da       0x36 Core/Interrupts/ExternalInterrupt.o
                0x000003da                EXTI_Initialize
 .text.__vector_1
                0x00000410        0xc Core/Interrupts/ExternalInterrupt.o
                0x00000410                __vector_1
 .text.__vector_2
                0x0000041c        0xc Core/Interrupts/ExternalInterrupt.o
                0x0000041c                __vector_2
 .text.__vector_3
                0x00000428        0xc Core/Interrupts/ExternalInterrupt.o
                0x00000428                __vector_3
 .text.__vector_9
                0x00000434       0x4a Examples/TimerAsInputCapture.o
                0x00000434                __vector_9
 .text.__vector_6
                0x0000047e      0x118 Examples/TimerAsInputCapture.o
                0x0000047e                __vector_6
 .text.__vector_11
                0x00000596       0x14 Examples/TimerAsTimer.o
                0x00000596                __vector_11
 .text.RUN_BUZZER
                0x000005aa        0x2 main.o
                0x000005aa                RUN_BUZZER
 .text.main     0x000005ac       0x48 main.o
                0x000005ac                main
 .text.avr-libc.fplib
                0x000005f4        0xe c:/program files (x86)/atmel/studio/7.0/toolchain/avr8/avr8-gnu-toolchain/bin/../lib/gcc/avr/5.4.0/../../../../avr/lib/avr5\libm.a(fixsfsi.o)
                0x000005f4                __fixsfsi
 .text.avr-libc.fplib
                0x00000602       0x5e c:/program files (x86)/atmel/studio/7.0/toolchain/avr8/avr8-gnu-toolchain/bin/../lib/gcc/avr/5.4.0/../../../../avr/lib/avr5\libm.a(fixunssfsi.o)
                0x00000602                __fixunssfsi
 .text.avr-libc.fplib
                0x00000660       0x7a c:/program files (x86)/atmel/studio/7.0/toolchain/avr8/avr8-gnu-toolchain/bin/../lib/gcc/avr/5.4.0/../../../../avr/lib/avr5\libm.a(floatsisf.o)
                0x00000660                __floatunsisf
                0x00000664                __floatsisf
 .text.avr-libc.fplib
                0x000006da       0x44 c:/program files (x86)/atmel/studio/7.0/toolchain/avr8/avr8-gnu-toolchain/bin/../lib/gcc/avr/5.4.0/../../../../avr/lib/avr5\libm.a(fp_split3.o)
                0x000006da                __fp_split3
                0x000006ea                __fp_splitA
 .text.avr-libc.fplib
                0x0000071e        0xe c:/program files (x86)/atmel/studio/7.0/toolchain/avr8/avr8-gnu-toolchain/bin/../lib/gcc/avr/5.4.0/../../../../avr/lib/avr5\libm.a(fp_zero.o)
                0x0000071e                __fp_zero
                0x00000720                __fp_szero
 .text.avr-libc.fplib
                0x0000072c        0x8 c:/program files (x86)/atmel/studio/7.0/toolchain/avr8/avr8-gnu-toolchain/bin/../lib/gcc/avr/5.4.0/../../../../avr/lib/avr5\libm.a(mulsf3.o)
                0x0000072c                __mulsf3
 .text.avr-libc.fplib
                0x00000734       0xd2 c:/program files (x86)/atmel/studio/7.0/toolchain/avr8/avr8-gnu-toolchain/bin/../lib/gcc/avr/5.4.0/../../../../avr/lib/avr5\libm.a(mulsf3x.o)
                0x00000752                __mulsf3x
                0x00000758                __mulsf3_pse
 .text.avr-libc.fplib
                0x00000806        0xc c:/program files (x86)/atmel/studio/7.0/toolchain/avr8/avr8-gnu-toolchain/bin/../lib/gcc/avr/5.4.0/../../../../avr/lib/avr5\libm.a(fp_inf.o)
                0x00000806                __fp_inf
 .text.avr-libc.fplib
                0x00000812        0x6 c:/program files (x86)/atmel/studio/7.0/toolchain/avr8/avr8-gnu-toolchain/bin/../lib/gcc/avr/5.4.0/../../../../avr/lib/avr5\libm.a(fp_nan.o)
                0x00000812                __fp_nan
 .text.avr-libc.fplib
                0x00000818        0xe c:/program files (x86)/atmel/studio/7.0/toolchain/avr8/avr8-gnu-toolchain/bin/../lib/gcc/avr/5.4.0/../../../../avr/lib/avr5\libm.a(fp_pscA.o)
                0x00000818                __fp_pscA
 .text.avr-libc.fplib
                0x00000826        0xe c:/program files (x86)/atmel/studio/7.0/toolchain/avr8/avr8-gnu-toolchain/bin/../lib/gcc/avr/5.4.0/../../../../avr/lib/avr5\libm.a(fp_pscB.o)
                0x00000826                __fp_pscB
 .text.avr-libc.fplib
                0x00000834       0x22 c:/program files (x86)/atmel/studio/7.0/toolchain/avr8/avr8-gnu-toolchain/bin/../lib/gcc/avr/5.4.0/../../../../avr/lib/avr5\libm.a(fp_round.o)
                0x00000834                __fp_round
 .text.libgcc.div
                0x00000856       0x2e c:/program files (x86)/atmel/studio/7.0/toolchain/avr8/avr8-gnu-toolchain/bin/../lib/gcc/avr/5.4.0/avr5\libgcc.a(_divmodsi4.o)
                0x00000856                __divmodsi4
 .text.libgcc.div
                0x00000884       0x10 c:/program files (x86)/atmel/studio/7.0/toolchain/avr8/avr8-gnu-toolchain/bin/../lib/gcc/avr/5.4.0/avr5\libgcc.a(_negsi2.o)
                0x00000884                __negsi2
 .text.libgcc.div
                0x00000894       0x44 c:/program files (x86)/atmel/studio/7.0/toolchain/avr8/avr8-gnu-toolchain/bin/../lib/gcc/avr/5.4.0/avr5\libgcc.a(_udivmodsi4.o)
                0x00000894                __udivmodsi4
                0x000008d8                . = ALIGN (0x2)
 *(.fini9)
 .fini9         0x000008d8        0x0 c:/program files (x86)/atmel/studio/7.0/toolchain/avr8/avr8-gnu-toolchain/bin/../lib/gcc/avr/5.4.0/avr5\libgcc.a(_exit.o)
                0x000008d8                _exit
                0x000008d8                exit
 *(.fini9)
 *(.fini8)
 *(.fini8)
 *(.fini7)
 *(.fini7)
 *(.fini6)
 *(.fini6)
 *(.fini5)
 *(.fini5)
 *(.fini4)
 *(.fini4)
 *(.fini3)
 *(.fini3)
 *(.fini2)
 *(.fini2)
 *(.fini1)
 *(.fini1)
 *(.fini0)
 .fini0         0x000008d8        0x4 c:/program files (x86)/atmel/studio/7.0/toolchain/avr8/avr8-gnu-toolchain/bin/../lib/gcc/avr/5.4.0/avr5\libgcc.a(_exit.o)
 *(.fini0)
                0x000008dc                _etext = .

.data           0x00800060        0x2 load address 0x000008dc
                0x00800060                PROVIDE (__data_start, .)
 *(.data)
 *(.data*)
 .data.isFirst  0x00800060        0x2 Examples/TimerAsInputCapture.o
                0x00800060                isFirst
 *(.gnu.linkonce.d*)
 *(.rodata)
 *(.rodata*)
 *(.gnu.linkonce.r*)
                0x00800062                . = ALIGN (0x2)
                0x00800062                _edata = .
                0x00800062                PROVIDE (__data_end, .)

.bss            0x00800062       0x1a
                0x00800062                PROVIDE (__bss_start, .)
 *(.bss)
 *(.bss*)
 *(COMMON)
 COMMON         0x00800062        0x6 Core/Interrupts/ExternalInterrupt.o
                0x00800062                INT2_CallbackFunctionPointer
                0x00800064                INT0_CallbackFunctionPointer
                0x00800066                INT1_CallbackFunctionPointer
 COMMON         0x00800068       0x14 Examples/TimerAsInputCapture.o
                0x00800068                tickTime
                0x0080006c                freq
                0x00800070                clk
                0x00800074                end
                0x00800076                start
                0x00800078                OverflowCount
                0x0080007c                PROVIDE (__bss_end, .)
                0x000008dc                __data_load_start = LOADADDR (.data)
                0x000008de                __data_load_end = (__data_load_start + SIZEOF (.data))

.noinit         0x0080007c        0x0
                [!provide]                PROVIDE (__noinit_start, .)
 *(.noinit*)
                [!provide]                PROVIDE (__noinit_end, .)
                0x0080007c                _end = .
                [!provide]                PROVIDE (__heap_start, .)

.eeprom         0x00810000        0x0
 *(.eeprom*)
                0x00810000                __eeprom_end = .

.fuse
 *(.fuse)
 *(.lfuse)
 *(.hfuse)
 *(.efuse)

.lock
 *(.lock*)

.signature
 *(.signature*)

.user_signatures
 *(.user_signatures*)

.stab
 *(.stab)

.stabstr
 *(.stabstr)

.stab.excl
 *(.stab.excl)

.stab.exclstr
 *(.stab.exclstr)

.stab.index
 *(.stab.index)

.stab.indexstr
 *(.stab.indexstr)

.comment        0x00000000       0x30
 *(.comment)
 .comment       0x00000000       0x30 Core/GPIO/GPIO.o
                                 0x31 (size before relaxing)
 .comment       0x00000030       0x31 Core/Interrupts/ExternalInterrupt.o
 .comment       0x00000030       0x31 Examples/TimerAsInputCapture.o
 .comment       0x00000030       0x31 Examples/TimerAsTimer.o
 .comment       0x00000030       0x31 main.o

.note.gnu.avr.deviceinfo
                0x00000000       0x3c
 .note.gnu.avr.deviceinfo
                0x00000000       0x3c C:/Program Files (x86)/Atmel/Studio/7.0/Packs/atmel/ATmega_DFP/1.6.364/gcc/dev/atmega32a/avr5/crtatmega32a.o

.note.gnu.build-id
 *(.note.gnu.build-id)

.debug
 *(.debug)

.line
 *(.line)

.debug_srcinfo
 *(.debug_srcinfo)

.debug_sfnames
 *(.debug_sfnames)

.debug_aranges  0x00000000      0x140
 *(.debug_aranges)
 .debug_aranges
                0x00000000       0x50 Core/GPIO/GPIO.o
 .debug_aranges
                0x00000050       0x70 Core/Interrupts/ExternalInterrupt.o
 .debug_aranges
                0x000000c0       0x30 Examples/TimerAsInputCapture.o
 .debug_aranges
                0x000000f0       0x28 Examples/TimerAsTimer.o
 .debug_aranges
                0x00000118       0x28 main.o

.debug_pubnames
 *(.debug_pubnames)

.debug_info     0x00000000      0xfc9
 *(.debug_info .gnu.linkonce.wi.*)
 .debug_info    0x00000000      0x4e6 C:/Program Files (x86)/Atmel/Studio/7.0/Packs/atmel/ATmega_DFP/1.6.364/gcc/dev/atmega32a/avr5/crtatmega32a.o
 .debug_info    0x000004e6      0x2da Core/GPIO/GPIO.o
 .debug_info    0x000007c0      0x31d Core/Interrupts/ExternalInterrupt.o
 .debug_info    0x00000add      0x150 Examples/TimerAsInputCapture.o
 .debug_info    0x00000c2d       0x93 Examples/TimerAsTimer.o
 .debug_info    0x00000cc0      0x309 main.o

.debug_abbrev   0x00000000      0x956
 *(.debug_abbrev)
 .debug_abbrev  0x00000000      0x4a3 C:/Program Files (x86)/Atmel/Studio/7.0/Packs/atmel/ATmega_DFP/1.6.364/gcc/dev/atmega32a/avr5/crtatmega32a.o
 .debug_abbrev  0x000004a3       0xf3 Core/GPIO/GPIO.o
 .debug_abbrev  0x00000596      0x153 Core/Interrupts/ExternalInterrupt.o
 .debug_abbrev  0x000006e9       0xaf Examples/TimerAsInputCapture.o
 .debug_abbrev  0x00000798       0x61 Examples/TimerAsTimer.o
 .debug_abbrev  0x000007f9      0x15d main.o

.debug_line     0x00000000      0xa11
 *(.debug_line .debug_line.* .debug_line_end)
 .debug_line    0x00000000      0x116 C:/Program Files (x86)/Atmel/Studio/7.0/Packs/atmel/ATmega_DFP/1.6.364/gcc/dev/atmega32a/avr5/crtatmega32a.o
 .debug_line    0x00000116      0x2db Core/GPIO/GPIO.o
 .debug_line    0x000003f1      0x2c7 Core/Interrupts/ExternalInterrupt.o
 .debug_line    0x000006b8      0x143 Examples/TimerAsInputCapture.o
 .debug_line    0x000007fb       0x64 Examples/TimerAsTimer.o
 .debug_line    0x0000085f      0x1b2 main.o

.debug_frame    0x00000000      0x27c
 *(.debug_frame)
 .debug_frame   0x00000000       0x84 Core/GPIO/GPIO.o
 .debug_frame   0x00000084       0xd8 Core/Interrupts/ExternalInterrupt.o
 .debug_frame   0x0000015c       0xac Examples/TimerAsInputCapture.o
 .debug_frame   0x00000208       0x40 Examples/TimerAsTimer.o
 .debug_frame   0x00000248       0x34 main.o

.debug_str      0x00000000      0x731
 *(.debug_str)
 .debug_str     0x00000000      0x196 C:/Program Files (x86)/Atmel/Studio/7.0/Packs/atmel/ATmega_DFP/1.6.364/gcc/dev/atmega32a/avr5/crtatmega32a.o
 .debug_str     0x00000196      0x220 Core/GPIO/GPIO.o
                                0x259 (size before relaxing)
 .debug_str     0x000003b6      0x24d Core/Interrupts/ExternalInterrupt.o
                                0x3b6 (size before relaxing)
 .debug_str     0x00000603       0x8b Examples/TimerAsInputCapture.o
                                0x1e6 (size before relaxing)
 .debug_str     0x0000068e       0x39 Examples/TimerAsTimer.o
                                0x18a (size before relaxing)
 .debug_str     0x000006c7       0x6a main.o
                                0x365 (size before relaxing)

.debug_loc      0x00000000      0x957
 *(.debug_loc)
 .debug_loc     0x00000000      0x509 Core/GPIO/GPIO.o
 .debug_loc     0x00000509      0x2d2 Core/Interrupts/ExternalInterrupt.o
 .debug_loc     0x000007db      0x12e Examples/TimerAsInputCapture.o
 .debug_loc     0x00000909       0x2f Examples/TimerAsTimer.o
 .debug_loc     0x00000938       0x1f main.o

.debug_macinfo
 *(.debug_macinfo)

.debug_weaknames
 *(.debug_weaknames)

.debug_funcnames
 *(.debug_funcnames)

.debug_typenames
 *(.debug_typenames)

.debug_varnames
 *(.debug_varnames)

.debug_pubtypes
 *(.debug_pubtypes)

.debug_ranges   0x00000000       0xf0
 *(.debug_ranges)
 .debug_ranges  0x00000000       0x40 Core/GPIO/GPIO.o
 .debug_ranges  0x00000040       0x60 Core/Interrupts/ExternalInterrupt.o
 .debug_ranges  0x000000a0       0x20 Examples/TimerAsInputCapture.o
 .debug_ranges  0x000000c0       0x18 Examples/TimerAsTimer.o
 .debug_ranges  0x000000d8       0x18 main.o

.debug_macro
 *(.debug_macro)
OUTPUT(ATMEGAWithC.elf elf32-avr)
LOAD linker stubs
